###############################################################################
#
# IAR ELF Linker V9.10.1.308/W64 for ARM                  16/Dec/2023  13:38:19
# Copyright 2007-2021 IAR Systems AB.
#
#    Output file  =
#        C:\Abdo\Programming\CSE211-Embedded\Lab8.2\Debug\Exe\elab.out
#    Map file     =
#        C:\Abdo\Programming\CSE211-Embedded\Lab8.2\Debug\List\elab.map
#    Command line =
#        -f C:\Abdo\Programming\CSE211-Embedded\Lab8.2\Debug\Exe\elab.out.rsp
#        (C:\Abdo\Programming\CSE211-Embedded\Lab8.2\Debug\Obj\DIO.o
#        C:\Abdo\Programming\CSE211-Embedded\Lab8.2\Debug\Obj\KEYPAD.o
#        C:\Abdo\Programming\CSE211-Embedded\Lab8.2\Debug\Obj\LCD.o
#        C:\Abdo\Programming\CSE211-Embedded\Lab8.2\Debug\Obj\LED.o
#        C:\Abdo\Programming\CSE211-Embedded\Lab8.2\Debug\Obj\main.o
#        C:\Abdo\Programming\CSE211-Embedded\Lab8.2\Debug\Obj\startup_ewarm.o
#        C:\Abdo\Programming\CSE211-Embedded\Lab8.2\Debug\Obj\SWITCH.o
#        C:\Abdo\Programming\CSE211-Embedded\Lab8.2\Debug\Obj\SYSTICK.o
#        --no_out_extension -o
#        C:\Abdo\Programming\CSE211-Embedded\Lab8.2\Debug\Exe\elab.out
#        --redirect _Printf=_PrintfFullNoMb --redirect _Scanf=_ScanfFullNoMb
#        --map C:\Abdo\Programming\CSE211-Embedded\Lab8.2\Debug\List\elab.map
#        --config "C:\Program Files\IAR Systems\Embedded Workbench
#        9.0\arm\config\linker\TexasInstruments\TM4C123GH6.icf" --semihosting
#        C:\ti\TivaWare_C_Series-2.2.0.295\driverlib\ewarm\Exe\driverlib.a
#        --entry __iar_program_start --vfe --text_out locale)
#
###############################################################################

*******************************************************************************
*** RUNTIME MODEL ATTRIBUTES
***

CppFlavor       = *
__SystemLibrary = DLib
__dlib_version  = 6


*******************************************************************************
*** HEAP SELECTION
***

The basic heap was selected because no calls to memory allocation
functions were found in the application outside of system library
functions, and there are calls to deallocation functions in the
application.


*******************************************************************************
*** PLACEMENT SUMMARY
***

"A0":  place at address 0x0 { ro section .intvec };
"P1":  place in [from 0x0 to 0x3'ffff] { ro };
define block CSTACK with size = 4K, alignment = 8 { };
define block HEAP with size = 8K, alignment = 8 { };
"P2":  place in [from 0x2000'0000 to 0x2000'7fff] {
          rw, block CSTACK, block HEAP };
do not initialize { rw section .noinit };

  Section  Kind         Address   Size  Object
  -------  ----         -------   ----  ------
"A0":                            0x26c
  .intvec  const            0x0  0x26c  startup_ewarm.o [1]
                        - 0x26c  0x26c

"P1":                            0x172
  .text    ro code        0x26c   0xdc  main.o [1]
  .text    ro code        0x348   0x22  fpinit_M.o [3]
  .text    ro code        0x36c   0x1e  cmain.o [4]
  .text    ro code        0x38a    0x4  low_level_init.o [2]
  .text    ro code        0x38e    0x4  exit.o [2]
  .text    ro code        0x394    0xa  cexit.o [4]
  .text    ro code        0x3a0   0x14  exit.o [5]
  .text    ro code        0x3b4   0x1c  cstartup_M.o [4]
  .text    ro code        0x3d0    0xe  startup_ewarm.o [1]
                        - 0x3de  0x172

"P2":                            0x400
  .noinit  uninit   0x2000'0000  0x400  startup_ewarm.o [1]
                  - 0x2000'0400  0x400

Unused ranges:

         From           To      Size
         ----           --      ----
        0x3de     0x3'ffff  0x3'fc22
  0x2000'0400  0x2000'7fff    0x7c00



*******************************************************************************
*** MODULE SUMMARY
***

    Module            ro code  ro data  rw data
    ------            -------  -------  -------
command line/config:
    -------------------------------------------
    Total:

C:\Abdo\Programming\CSE211-Embedded\Lab8.2\Debug\Obj: [1]
    main.o                220
    startup_ewarm.o        14      620    1'024
    -------------------------------------------
    Total:                234      620    1'024

dl7M_tln.a: [2]
    exit.o                  4
    low_level_init.o        4
    -------------------------------------------
    Total:                  8

m7M_tls.a: [3]
    fpinit_M.o             34
    -------------------------------------------
    Total:                 34

rt7M_tl.a: [4]
    cexit.o                10
    cmain.o                30
    cstartup_M.o           28
    -------------------------------------------
    Total:                 68

shb_l.a: [5]
    exit.o                 20
    -------------------------------------------
    Total:                 20

    Gaps                    6
-----------------------------------------------
    Grand Total:          370      620    1'024


*******************************************************************************
*** ENTRY LIST
***

Entry                     Address   Size  Type      Object
-----                     -------   ----  ----      ------
?main                       0x36d         Code  Gb  cmain.o [4]
FaultISR                    0x3db    0x2  Code  Lc  startup_ewarm.o [1]
IntDefaultHandler           0x3dd    0x2  Code  Lc  startup_ewarm.o [1]
NmiSR                       0x3d9    0x2  Code  Lc  startup_ewarm.o [1]
Region$$Table$$Base           0x0          --   Gb  - Linker created -
Region$$Table$$Limit          0x0          --   Gb  - Linker created -
ResetISR                    0x3d1    0x8  Code  Gb  startup_ewarm.o [1]
Timer0A_Handler             0x301   0x14  Code  Gb  main.o [1]
Timer0A_Init                0x2b1   0x50  Code  Gb  main.o [1]
__cmain                     0x36d         Code  Gb  cmain.o [4]
__exit                      0x3a1   0x14  Code  Gb  exit.o [5]
__iar_init_vfp              0x349         Code  Gb  fpinit_M.o [3]
__iar_program_start         0x3b5         Code  Gb  cstartup_M.o [4]
__low_level_init            0x38b    0x4  Code  Gb  low_level_init.o [2]
__vector_table                0x0  0x26c  Data  Gb  startup_ewarm.o [1]
_call_main                  0x379         Code  Gb  cmain.o [4]
_exit                       0x395         Code  Gb  cexit.o [4]
exit                        0x38f    0x4  Code  Gb  exit.o [2]
main                        0x26d   0x44  Code  Gb  main.o [1]
pui32Stack            0x2000'0000  0x400  Data  Lc  startup_ewarm.o [1]


[1] = C:\Abdo\Programming\CSE211-Embedded\Lab8.2\Debug\Obj
[2] = dl7M_tln.a
[3] = m7M_tls.a
[4] = rt7M_tl.a
[5] = shb_l.a

    370 bytes of readonly  code memory
    620 bytes of readonly  data memory
  1'024 bytes of readwrite data memory

Errors: none
Warnings: none
