###############################################################################
#
# IAR ELF Linker V9.10.1.308/W64 for ARM                  11/Dec/2023  02:39:45
# Copyright 2007-2021 IAR Systems AB.
#
#    Output file  =
#        C:\Abdo\Programming\CSE211-Embedded\Lab8\Debug\Exe\elab.out
#    Map file     =
#        C:\Abdo\Programming\CSE211-Embedded\Lab8\Debug\List\elab.map
#    Command line =
#        -f C:\Abdo\Programming\CSE211-Embedded\Lab8\Debug\Exe\elab.out.rsp
#        (C:\Abdo\Programming\CSE211-Embedded\Lab8\Debug\Obj\DIO.o
#        C:\Abdo\Programming\CSE211-Embedded\Lab8\Debug\Obj\KEYPAD.o
#        C:\Abdo\Programming\CSE211-Embedded\Lab8\Debug\Obj\LCD.o
#        C:\Abdo\Programming\CSE211-Embedded\Lab8\Debug\Obj\LED.o
#        C:\Abdo\Programming\CSE211-Embedded\Lab8\Debug\Obj\main.o
#        C:\Abdo\Programming\CSE211-Embedded\Lab8\Debug\Obj\startup_ewarm.o
#        C:\Abdo\Programming\CSE211-Embedded\Lab8\Debug\Obj\SWITCH.o
#        C:\Abdo\Programming\CSE211-Embedded\Lab8\Debug\Obj\SYSTICK.o
#        --no_out_extension -o
#        C:\Abdo\Programming\CSE211-Embedded\Lab8\Debug\Exe\elab.out --redirect
#        _Printf=_PrintfFullNoMb --redirect _Scanf=_ScanfFullNoMb --map
#        C:\Abdo\Programming\CSE211-Embedded\Lab8\Debug\List\elab.map --config
#        "C:\Program Files\IAR Systems\Embedded Workbench
#        9.0\arm\config\linker\TexasInstruments\TM4C123GH6.icf" --semihosting
#        --entry __iar_program_start --vfe --text_out locale)
#
###############################################################################

*******************************************************************************
*** RUNTIME MODEL ATTRIBUTES
***

CppFlavor       = *
__SystemLibrary = DLib
__dlib_version  = 6


*******************************************************************************
*** HEAP SELECTION
***

The basic heap was selected because no calls to memory allocation
functions were found in the application outside of system library
functions, and there are calls to deallocation functions in the
application.


*******************************************************************************
*** PLACEMENT SUMMARY
***

"A0":  place at address 0x0 { ro section .intvec };
"P1":  place in [from 0x0 to 0x3'ffff] { ro };
define block CSTACK with size = 4K, alignment = 8 { };
define block HEAP with size = 8K, alignment = 8 { };
"P2":  place in [from 0x2000'0000 to 0x2000'7fff] {
          rw, block CSTACK, block HEAP };
do not initialize { rw section .noinit };

  Section          Kind         Address   Size  Object
  -------          ----         -------   ----  ------
"A0":                                    0x26c
  .intvec          const            0x0  0x26c  startup_ewarm.o [1]
                                - 0x26c  0x26c

"P1":                                    0x20a
  .text            ro code        0x26c   0x6c  DIO.o [1]
  .text            ro code        0x2d8   0x4c  main.o [1]
  .text            ro code        0x324   0x4c  SYSTICK.o [1]
  .text            ro code        0x370   0x38  zero_init3.o [4]
  .text            ro code        0x3a8   0x28  data_init.o [4]
  .text            ro code        0x3d0   0x22  fpinit_M.o [3]
  .iar.init_table  const          0x3f4   0x10  - Linker created -
  .text            ro code        0x404   0x1e  cmain.o [4]
  .text            ro code        0x422    0x4  low_level_init.o [2]
  .text            ro code        0x426    0x4  exit.o [2]
  .text            ro code        0x42c    0xa  cexit.o [4]
  .text            ro code        0x438   0x14  exit.o [5]
  .text            ro code        0x44c   0x1c  cstartup_M.o [4]
  .text            ro code        0x468    0xe  startup_ewarm.o [1]
  .rodata          const          0x476    0x0  zero_init3.o [4]
                                - 0x476  0x20a

"P2", part 1 of 2:                         0x4
  .bss             zero     0x2000'0000    0x4  main.o [1]
                          - 0x2000'0004    0x4

"P2", part 2 of 2:                       0x400
  .noinit          uninit   0x2000'0004  0x400  startup_ewarm.o [1]
                          - 0x2000'0404  0x400

Unused ranges:

         From           To      Size
         ----           --      ----
        0x476     0x3'ffff  0x3'fb8a
  0x2000'0404  0x2000'7fff    0x7bfc


*******************************************************************************
*** INIT TABLE
***

          Address      Size
          -------      ----
Zero (__iar_zero_init3)
    1 destination range, total size 0x4:
          0x2000'0000   0x4



*******************************************************************************
*** MODULE SUMMARY
***

    Module            ro code  ro data  rw data
    ------            -------  -------  -------
command line/config:
    -------------------------------------------
    Total:

C:\Abdo\Programming\CSE211-Embedded\Lab8\Debug\Obj: [1]
    DIO.o                 108
    SYSTICK.o              76
    main.o                 76                 4
    startup_ewarm.o        14      620    1'024
    -------------------------------------------
    Total:                274      620    1'028

dl7M_tln.a: [2]
    exit.o                  4
    low_level_init.o        4
    -------------------------------------------
    Total:                  8

m7M_tls.a: [3]
    fpinit_M.o             34
    -------------------------------------------
    Total:                 34

rt7M_tl.a: [4]
    cexit.o                10
    cmain.o                30
    cstartup_M.o           28
    data_init.o            40
    zero_init3.o           56
    -------------------------------------------
    Total:                164

shb_l.a: [5]
    exit.o                 20
    -------------------------------------------
    Total:                 20

    Gaps                    4        2
    Linker created                  16
-----------------------------------------------
    Grand Total:          504      638    1'028


*******************************************************************************
*** ENTRY LIST
***

Entry                       Address   Size  Type      Object
-----                       -------   ----  ----      ------
.iar.init_table$$Base         0x3f4          --   Gb  - Linker created -
.iar.init_table$$Limit        0x404          --   Gb  - Linker created -
?main                         0x405         Code  Gb  cmain.o [4]
DIO_Init                      0x26d   0x4c  Code  Gb  DIO.o [1]
FaultISR                      0x473    0x2  Code  Lc  startup_ewarm.o [1]
IntDefaultHandler             0x475    0x2  Code  Lc  startup_ewarm.o [1]
NmiSR                         0x471    0x2  Code  Lc  startup_ewarm.o [1]
Region$$Table$$Base           0x3f4          --   Gb  - Linker created -
Region$$Table$$Limit          0x404          --   Gb  - Linker created -
ResetISR                      0x469    0x8  Code  Gb  startup_ewarm.o [1]
SysTickDisable                0x325    0xe  Code  Gb  SYSTICK.o [1]
SysTickEnable                 0x333   0x1a  Code  Gb  SYSTICK.o [1]
SysTickInterruptEnable        0x34d    0xe  Code  Gb  SYSTICK.o [1]
SysTickPeriodSet              0x35b    0xe  Code  Gb  SYSTICK.o [1]
SysTick_Handler               0x2d9    0xc  Code  Gb  main.o [1]
__cmain                       0x405         Code  Gb  cmain.o [4]
__exit                        0x439   0x14  Code  Gb  exit.o [5]
__iar_data_init3              0x3a9   0x28  Code  Gb  data_init.o [4]
__iar_init_vfp                0x3d1         Code  Gb  fpinit_M.o [3]
__iar_program_start           0x44d         Code  Gb  cstartup_M.o [4]
__iar_zero_init3              0x371   0x38  Code  Gb  zero_init3.o [4]
__low_level_init              0x423    0x4  Code  Gb  low_level_init.o [2]
__vector_table                  0x0  0x26c  Data  Gb  startup_ewarm.o [1]
_call_main                    0x411         Code  Gb  cmain.o [4]
_exit                         0x42d         Code  Gb  cexit.o [4]
counter                 0x2000'0000    0x4  Data  Gb  main.o [1]
exit                          0x427    0x4  Code  Gb  exit.o [2]
main                          0x2e5   0x36  Code  Gb  main.o [1]
pui32Stack              0x2000'0004  0x400  Data  Lc  startup_ewarm.o [1]


[1] = C:\Abdo\Programming\CSE211-Embedded\Lab8\Debug\Obj
[2] = dl7M_tln.a
[3] = m7M_tls.a
[4] = rt7M_tl.a
[5] = shb_l.a

    504 bytes of readonly  code memory
    638 bytes of readonly  data memory
  1'028 bytes of readwrite data memory

Errors: none
Warnings: none
