###############################################################################
#
# IAR ELF Linker V9.10.1.308/W64 for ARM                  11/Dec/2023  21:59:16
# Copyright 2007-2021 IAR Systems AB.
#
#    Output file  =
#        C:\Abdo\Programming\CSE211-Embedded\Lab7\Debug\Exe\elab.out
#    Map file     =
#        C:\Abdo\Programming\CSE211-Embedded\Lab7\Debug\List\elab.map
#    Command line =
#        -f C:\Abdo\Programming\CSE211-Embedded\Lab7\Debug\Exe\elab.out.rsp
#        (C:\Abdo\Programming\CSE211-Embedded\Lab7\Debug\Obj\DIO.o
#        C:\Abdo\Programming\CSE211-Embedded\Lab7\Debug\Obj\KEYPAD.o
#        C:\Abdo\Programming\CSE211-Embedded\Lab7\Debug\Obj\LCD.o
#        C:\Abdo\Programming\CSE211-Embedded\Lab7\Debug\Obj\LED.o
#        C:\Abdo\Programming\CSE211-Embedded\Lab7\Debug\Obj\main.o
#        C:\Abdo\Programming\CSE211-Embedded\Lab7\Debug\Obj\SWITCH.o
#        C:\Abdo\Programming\CSE211-Embedded\Lab7\Debug\Obj\SYSTICK.o
#        --no_out_extension -o
#        C:\Abdo\Programming\CSE211-Embedded\Lab7\Debug\Exe\elab.out --redirect
#        _Printf=_PrintfFullNoMb --redirect _Scanf=_ScanfFullNoMb --map
#        C:\Abdo\Programming\CSE211-Embedded\Lab7\Debug\List\elab.map --config
#        "C:\Program Files\IAR Systems\Embedded Workbench
#        9.0\arm\config\linker\TexasInstruments\TM4C123GH6.icf" --semihosting
#        --entry __iar_program_start --vfe --text_out locale)
#
###############################################################################

*******************************************************************************
*** RUNTIME MODEL ATTRIBUTES
***

CppFlavor       = *
__SystemLibrary = DLib
__dlib_version  = 6


*******************************************************************************
*** HEAP SELECTION
***

The basic heap was selected because no calls to memory allocation
functions were found in the application outside of system library
functions, and there are calls to deallocation functions in the
application.


*******************************************************************************
*** PLACEMENT SUMMARY
***

"A0":  place at address 0x0 { ro section .intvec };
"P1":  place in [from 0x0 to 0x3'ffff] { ro };
define block CSTACK with size = 4K, alignment = 8 { };
define block HEAP with size = 8K, alignment = 8 { };
"P2":  place in [from 0x2000'0000 to 0x2000'7fff] {
          rw, block CSTACK, block HEAP };

No sections matched the following patterns:

  rw  in "P2"


  Section   Kind         Address    Size  Object
  -------   ----         -------    ----  ------
"A0":                               0x40
  .intvec   ro code          0x0    0x40  vector_table_M.o [4]
                          - 0x40    0x40

"P1":                              0x188
  .text     ro code         0x40    0x6c  DIO.o [1]
  .text     ro code         0xac    0x50  SYSTICK.o [1]
  .text     ro code         0xfc    0x44  main.o [1]
  .text     ro code        0x140    0x22  fpinit_M.o [3]
  .text     ro code        0x162     0x2  vectortrap_M.o [4]
  .text     ro code        0x164    0x1e  cmain.o [4]
  .text     ro code        0x182     0x4  low_level_init.o [2]
  .text     ro code        0x186     0x4  exit.o [2]
  .text     ro code        0x18c     0xa  cexit.o [4]
  .text     ro code        0x198    0x14  exit.o [5]
  .text     ro code        0x1ac    0x1c  cstartup_M.o [4]
                         - 0x1c8   0x188

"P2":                             0x1000
  CSTACK             0x2000'0000  0x1000  <Block>
    CSTACK  uninit   0x2000'0000  0x1000  <Block tail>
                   - 0x2000'1000  0x1000

Unused ranges:

         From           To      Size
         ----           --      ----
        0x1c8     0x3'ffff  0x3'fe38
  0x2000'1000  0x2000'7fff    0x7000



*******************************************************************************
*** MODULE SUMMARY
***

    Module            ro code  rw data
    ------            -------  -------
command line/config:
    ----------------------------------
    Total:

C:\Abdo\Programming\CSE211-Embedded\Lab7\Debug\Obj: [1]
    DIO.o                 108
    SYSTICK.o              80
    main.o                 68
    ----------------------------------
    Total:                256

dl7M_tln.a: [2]
    exit.o                  4
    low_level_init.o        4
    ----------------------------------
    Total:                  8

m7M_tls.a: [3]
    fpinit_M.o             34
    ----------------------------------
    Total:                 34

rt7M_tl.a: [4]
    cexit.o                10
    cmain.o                30
    cstartup_M.o           28
    vector_table_M.o       64
    vectortrap_M.o          2
    ----------------------------------
    Total:                134

shb_l.a: [5]
    exit.o                 20
    ----------------------------------
    Total:                 20

    Gaps                    4
    Linker created               4'096
--------------------------------------
    Grand Total:          456    4'096


*******************************************************************************
*** ENTRY LIST
***

Entry                     Address  Size  Type      Object
-----                     -------  ----  ----      ------
?main                       0x165        Code  Gb  cmain.o [4]
BusFault_Handler            0x163        Code  Wk  vectortrap_M.o [4]
CSTACK$$Base          0x2000'0000         --   Gb  - Linker created -
CSTACK$$Limit         0x2000'1000         --   Gb  - Linker created -
DIO_Init                     0x41  0x4c  Code  Gb  DIO.o [1]
DebugMon_Handler            0x163        Code  Wk  vectortrap_M.o [4]
HardFault_Handler           0x163        Code  Wk  vectortrap_M.o [4]
MemManage_Handler           0x163        Code  Wk  vectortrap_M.o [4]
NMI_Handler                 0x163        Code  Wk  vectortrap_M.o [4]
PendSV_Handler              0x163        Code  Wk  vectortrap_M.o [4]
Region$$Table$$Base           0x0         --   Gb  - Linker created -
Region$$Table$$Limit          0x0         --   Gb  - Linker created -
SVC_Handler                 0x163        Code  Wk  vectortrap_M.o [4]
SYSTICK_Delay                0xfd  0x1c  Code  Gb  main.o [1]
SysTickDisable               0xad   0xe  Code  Gb  SYSTICK.o [1]
SysTickEnable                0xbb  0x1a  Code  Gb  SYSTICK.o [1]
SysTickPeriodSet             0xd5   0xe  Code  Gb  SYSTICK.o [1]
SysTick_Handler             0x163        Code  Wk  vectortrap_M.o [4]
SysTick_Is_Time_out          0xe3   0xe  Code  Gb  SYSTICK.o [1]
UsageFault_Handler          0x163        Code  Wk  vectortrap_M.o [4]
__cmain                     0x165        Code  Gb  cmain.o [4]
__exit                      0x199  0x14  Code  Gb  exit.o [5]
__iar_init_vfp              0x141        Code  Gb  fpinit_M.o [3]
__iar_program_start         0x1ad        Code  Gb  cstartup_M.o [4]
__low_level_init            0x183   0x4  Code  Gb  low_level_init.o [2]
__vector_table                0x0        Data  Gb  vector_table_M.o [4]
_call_main                  0x171        Code  Gb  cmain.o [4]
_exit                       0x18d        Code  Gb  cexit.o [4]
exit                        0x187   0x4  Code  Gb  exit.o [2]
main                        0x119  0x24  Code  Gb  main.o [1]


[1] = C:\Abdo\Programming\CSE211-Embedded\Lab7\Debug\Obj
[2] = dl7M_tln.a
[3] = m7M_tls.a
[4] = rt7M_tl.a
[5] = shb_l.a

    456 bytes of readonly  code memory
  4'096 bytes of readwrite data memory

Errors: none
Warnings: none
