###############################################################################
#
# IAR ELF Linker V9.10.1.308/W64 for ARM                  11/Dec/2023  22:22:09
# Copyright 2007-2021 IAR Systems AB.
#
#    Output file  =
#        C:\Abdo\Programming\CSE211-Embedded\Lab8\Debug\Exe\elab.out
#    Map file     =
#        C:\Abdo\Programming\CSE211-Embedded\Lab8\Debug\List\elab.map
#    Command line =
#        -f C:\Abdo\Programming\CSE211-Embedded\Lab8\Debug\Exe\elab.out.rsp
#        (C:\Abdo\Programming\CSE211-Embedded\Lab8\Debug\Obj\DIO.o
#        C:\Abdo\Programming\CSE211-Embedded\Lab8\Debug\Obj\KEYPAD.o
#        C:\Abdo\Programming\CSE211-Embedded\Lab8\Debug\Obj\LCD.o
#        C:\Abdo\Programming\CSE211-Embedded\Lab8\Debug\Obj\LED.o
#        C:\Abdo\Programming\CSE211-Embedded\Lab8\Debug\Obj\main.o
#        C:\Abdo\Programming\CSE211-Embedded\Lab8\Debug\Obj\startup_ewarm.o
#        C:\Abdo\Programming\CSE211-Embedded\Lab8\Debug\Obj\SWITCH.o
#        C:\Abdo\Programming\CSE211-Embedded\Lab8\Debug\Obj\SYSTICK.o
#        --no_out_extension -o
#        C:\Abdo\Programming\CSE211-Embedded\Lab8\Debug\Exe\elab.out --redirect
#        _Printf=_PrintfFullNoMb --redirect _Scanf=_ScanfFullNoMb --map
#        C:\Abdo\Programming\CSE211-Embedded\Lab8\Debug\List\elab.map --config
#        "C:\Program Files\IAR Systems\Embedded Workbench
#        9.0\arm\config\linker\TexasInstruments\TM4C123GH6.icf" --semihosting
#        C:\ti\TivaWare_C_Series-2.2.0.295\driverlib\ewarm\Exe\driverlib.a
#        --entry __iar_program_start --vfe --text_out locale)
#
###############################################################################

*******************************************************************************
*** MESSAGES
***

Warning[Lt009]: Inconsistent wchar_t size
            systick.o(driverlib.a) and 2 other objects in driverlib.a have
                      wchar_t size 16 bits
            DIO.o and 20 other objects, some of them in dl7M_tln.a and 11 other
                      libraries have wchar_t size 32 bits


*******************************************************************************
*** RUNTIME MODEL ATTRIBUTES
***

CppFlavor       = *
__SystemLibrary = DLib
__dlib_version  = 6


*******************************************************************************
*** HEAP SELECTION
***

The basic heap was selected because no calls to memory allocation
functions were found in the application outside of system library
functions, and there are calls to deallocation functions in the
application.


*******************************************************************************
*** PLACEMENT SUMMARY
***

"A0":  place at address 0x0 { ro section .intvec };
"P1":  place in [from 0x0 to 0x3'ffff] { ro };
define block CSTACK with size = 4K, alignment = 8 { };
define block HEAP with size = 8K, alignment = 8 { };
"P2":  place in [from 0x2000'0000 to 0x2000'7fff] {
          rw, block CSTACK, block HEAP };
do not initialize { rw section .noinit };

  Section          Kind         Address   Size  Object
  -------          ----         -------   ----  ------
"A0":                                    0x26c
  .intvec          const            0x0  0x26c  startup_ewarm.o [1]
                                - 0x26c  0x26c

"P1":                                    0x216
  .text            ro code        0x26c   0x70  main.o [1]
  .text            ro code        0x2dc   0x6c  DIO.o [1]
  .text            ro code        0x348   0x34  systick.o [3]
  .text            ro code        0x37c   0x38  zero_init3.o [5]
  .text            ro code        0x3b4   0x28  data_init.o [5]
  .text            ro code        0x3dc   0x22  fpinit_M.o [4]
  .iar.init_table  const          0x400   0x10  - Linker created -
  .text            ro code        0x410   0x1e  cmain.o [5]
  .text            ro code        0x42e    0x4  low_level_init.o [2]
  .text            ro code        0x432    0x4  exit.o [2]
  .text            ro code        0x438    0xa  cexit.o [5]
  .text            ro code        0x444   0x14  exit.o [6]
  .text            ro code        0x458   0x1c  cstartup_M.o [5]
  .text            ro code        0x474    0xe  startup_ewarm.o [1]
  .rodata          const          0x482    0x0  zero_init3.o [5]
                                - 0x482  0x216

"P2", part 1 of 2:                         0x4
  .bss             zero     0x2000'0000    0x4  main.o [1]
                          - 0x2000'0004    0x4

"P2", part 2 of 2:                       0x400
  .noinit          uninit   0x2000'0004  0x400  startup_ewarm.o [1]
                          - 0x2000'0404  0x400

Unused ranges:

         From           To      Size
         ----           --      ----
        0x482     0x3'ffff  0x3'fb7e
  0x2000'0404  0x2000'7fff    0x7bfc


*******************************************************************************
*** INIT TABLE
***

          Address      Size
          -------      ----
Zero (__iar_zero_init3)
    1 destination range, total size 0x4:
          0x2000'0000   0x4



*******************************************************************************
*** MODULE SUMMARY
***

    Module            ro code  ro data  rw data
    ------            -------  -------  -------
command line/config:
    -------------------------------------------
    Total:

C:\Abdo\Programming\CSE211-Embedded\Lab8\Debug\Obj: [1]
    DIO.o                 108
    main.o                112                 4
    startup_ewarm.o        14      620    1'024
    -------------------------------------------
    Total:                234      620    1'028

dl7M_tln.a: [2]
    exit.o                  4
    low_level_init.o        4
    -------------------------------------------
    Total:                  8

driverlib.a: [3]
    systick.o              52
    -------------------------------------------
    Total:                 52

m7M_tls.a: [4]
    fpinit_M.o             34
    -------------------------------------------
    Total:                 34

rt7M_tl.a: [5]
    cexit.o                10
    cmain.o                30
    cstartup_M.o           28
    data_init.o            40
    zero_init3.o           56
    -------------------------------------------
    Total:                164

shb_l.a: [6]
    exit.o                 20
    -------------------------------------------
    Total:                 20

    Gaps                    4        2
    Linker created                  16
-----------------------------------------------
    Grand Total:          516      638    1'028


*******************************************************************************
*** ENTRY LIST
***

Entry                       Address   Size  Type      Object
-----                       -------   ----  ----      ------
.iar.init_table$$Base         0x400          --   Gb  - Linker created -
.iar.init_table$$Limit        0x410          --   Gb  - Linker created -
?main                         0x411         Code  Gb  cmain.o [5]
DIO_Init                      0x2dd   0x4c  Code  Gb  DIO.o [1]
FaultISR                      0x47f    0x2  Code  Lc  startup_ewarm.o [1]
IntDefaultHandler             0x481    0x2  Code  Lc  startup_ewarm.o [1]
NmiSR                         0x47d    0x2  Code  Lc  startup_ewarm.o [1]
Region$$Table$$Base           0x400          --   Gb  - Linker created -
Region$$Table$$Limit          0x410          --   Gb  - Linker created -
ResetISR                      0x475    0x8  Code  Gb  startup_ewarm.o [1]
SysTickDisable                0x355    0xc  Code  Gb  systick.o [3]
SysTickEnable                 0x349    0xc  Code  Gb  systick.o [3]
SysTickHandler                0x2a3   0x26  Code  Gb  main.o [1]
SysTickIntEnable              0x361    0xc  Code  Gb  systick.o [3]
SysTickPeriodSet              0x36d    0x8  Code  Gb  systick.o [3]
__cmain                       0x411         Code  Gb  cmain.o [5]
__exit                        0x445   0x14  Code  Gb  exit.o [6]
__iar_data_init3              0x3b5   0x28  Code  Gb  data_init.o [5]
__iar_init_vfp                0x3dd         Code  Gb  fpinit_M.o [4]
__iar_program_start           0x459         Code  Gb  cstartup_M.o [5]
__iar_zero_init3              0x37d   0x38  Code  Gb  zero_init3.o [5]
__low_level_init              0x42f    0x4  Code  Gb  low_level_init.o [2]
__vector_table                  0x0  0x26c  Data  Gb  startup_ewarm.o [1]
_call_main                    0x41d         Code  Gb  cmain.o [5]
_exit                         0x439         Code  Gb  cexit.o [5]
counter                 0x2000'0000    0x4  Data  Gb  main.o [1]
exit                          0x433    0x4  Code  Gb  exit.o [2]
main                          0x26d   0x36  Code  Gb  main.o [1]
pui32Stack              0x2000'0004  0x400  Data  Lc  startup_ewarm.o [1]


[1] = C:\Abdo\Programming\CSE211-Embedded\Lab8\Debug\Obj
[2] = dl7M_tln.a
[3] = driverlib.a
[4] = m7M_tls.a
[5] = rt7M_tl.a
[6] = shb_l.a

    516 bytes of readonly  code memory
    638 bytes of readonly  data memory
  1'028 bytes of readwrite data memory

Errors: none
Warnings: 1
