###############################################################################
#
# IAR ELF Linker V9.10.1.308/W64 for ARM                  11/Dec/2023  15:43:11
# Copyright 2007-2021 IAR Systems AB.
#
#    Output file  =
#        C:\Abdo\Programming\CSE211-Embedded\Lab5\Debug\Exe\elab.out
#    Map file     =
#        C:\Abdo\Programming\CSE211-Embedded\Lab5\Debug\List\elab.map
#    Command line =
#        -f C:\Abdo\Programming\CSE211-Embedded\Lab5\Debug\Exe\elab.out.rsp
#        (C:\Abdo\Programming\CSE211-Embedded\Lab5\Debug\Obj\DIO.o
#        C:\Abdo\Programming\CSE211-Embedded\Lab5\Debug\Obj\KEYPAD.o
#        C:\Abdo\Programming\CSE211-Embedded\Lab5\Debug\Obj\LCD.o
#        C:\Abdo\Programming\CSE211-Embedded\Lab5\Debug\Obj\LED.o
#        C:\Abdo\Programming\CSE211-Embedded\Lab5\Debug\Obj\main.o
#        C:\Abdo\Programming\CSE211-Embedded\Lab5\Debug\Obj\SWITCH.o
#        --no_out_extension -o
#        C:\Abdo\Programming\CSE211-Embedded\Lab5\Debug\Exe\elab.out --redirect
#        _Printf=_PrintfFullNoMb --redirect _Scanf=_ScanfFullNoMb --map
#        C:\Abdo\Programming\CSE211-Embedded\Lab5\Debug\List\elab.map --config
#        "C:\Program Files\IAR Systems\Embedded Workbench
#        9.0\arm\config\linker\TexasInstruments\TM4C123GH6.icf" --semihosting
#        --entry __iar_program_start --vfe --text_out locale)
#
###############################################################################

*******************************************************************************
*** RUNTIME MODEL ATTRIBUTES
***

CppFlavor       = *
__SystemLibrary = DLib
__dlib_version  = 6


*******************************************************************************
*** HEAP SELECTION
***

The basic heap was selected because no calls to memory allocation
functions were found in the application outside of system library
functions, and there are calls to deallocation functions in the
application.


*******************************************************************************
*** PLACEMENT SUMMARY
***

"A0":  place at address 0x0 { ro section .intvec };
"P1":  place in [from 0x0 to 0x3'ffff] { ro };
define block CSTACK with size = 4K, alignment = 8 { };
define block HEAP with size = 8K, alignment = 8 { };
"P2":  place in [from 0x2000'0000 to 0x2000'7fff] {
          rw, block CSTACK, block HEAP };

No sections matched the following patterns:

  rw  in "P2"


  Section   Kind         Address    Size  Object
  -------   ----         -------    ----  ------
"A0":                               0x40
  .intvec   ro code          0x0    0x40  vector_table_M.o [4]
                          - 0x40    0x40

"P1":                              0x200
  .text     ro code         0x40   0x148  main.o [1]
  .text     ro code        0x188    0x30  DIO.o [1]
  .text     ro code        0x1b8    0x22  fpinit_M.o [3]
  .text     ro code        0x1da     0x2  vectortrap_M.o [4]
  .text     ro code        0x1dc    0x1e  cmain.o [4]
  .text     ro code        0x1fa     0x4  low_level_init.o [2]
  .text     ro code        0x1fe     0x4  exit.o [2]
  .text     ro code        0x204     0xa  cexit.o [4]
  .text     ro code        0x210    0x14  exit.o [5]
  .text     ro code        0x224    0x1c  cstartup_M.o [4]
                         - 0x240   0x200

"P2":                             0x1000
  CSTACK             0x2000'0000  0x1000  <Block>
    CSTACK  uninit   0x2000'0000  0x1000  <Block tail>
                   - 0x2000'1000  0x1000

Unused ranges:

         From           To      Size
         ----           --      ----
        0x240     0x3'ffff  0x3'fdc0
  0x2000'1000  0x2000'7fff    0x7000



*******************************************************************************
*** MODULE SUMMARY
***

    Module            ro code  rw data
    ------            -------  -------
command line/config:
    ----------------------------------
    Total:

C:\Abdo\Programming\CSE211-Embedded\Lab5\Debug\Obj: [1]
    DIO.o                  48
    main.o                328
    ----------------------------------
    Total:                376

dl7M_tln.a: [2]
    exit.o                  4
    low_level_init.o        4
    ----------------------------------
    Total:                  8

m7M_tls.a: [3]
    fpinit_M.o             34
    ----------------------------------
    Total:                 34

rt7M_tl.a: [4]
    cexit.o                10
    cmain.o                30
    cstartup_M.o           28
    vector_table_M.o       64
    vectortrap_M.o          2
    ----------------------------------
    Total:                134

shb_l.a: [5]
    exit.o                 20
    ----------------------------------
    Total:                 20

    Gaps                    4
    Linker created               4'096
--------------------------------------
    Grand Total:          576    4'096


*******************************************************************************
*** ENTRY LIST
***

Entry                     Address  Size  Type      Object
-----                     -------  ----  ----      ------
?main                       0x1dd        Code  Gb  cmain.o [4]
BusFault_Handler            0x1db        Code  Wk  vectortrap_M.o [4]
CSTACK$$Base          0x2000'0000         --   Gb  - Linker created -
CSTACK$$Limit         0x2000'1000         --   Gb  - Linker created -
DebugMon_Handler            0x1db        Code  Wk  vectortrap_M.o [4]
HardFault_Handler           0x1db        Code  Wk  vectortrap_M.o [4]
LCD_COMMAND                 0x103  0x3a  Code  Gb  main.o [1]
LCD_DATA                    0x13d  0x2e  Code  Gb  main.o [1]
LCD_INIT                     0x87  0x7c  Code  Gb  main.o [1]
MemManage_Handler           0x1db        Code  Wk  vectortrap_M.o [4]
NMI_Handler                 0x1db        Code  Wk  vectortrap_M.o [4]
PendSV_Handler              0x1db        Code  Wk  vectortrap_M.o [4]
Region$$Table$$Base           0x0         --   Gb  - Linker created -
Region$$Table$$Limit          0x0         --   Gb  - Linker created -
SVC_Handler                 0x1db        Code  Wk  vectortrap_M.o [4]
SysTick_Handler             0x1db        Code  Wk  vectortrap_M.o [4]
UsageFault_Handler          0x1db        Code  Wk  vectortrap_M.o [4]
__cmain                     0x1dd        Code  Gb  cmain.o [4]
__exit                      0x211  0x14  Code  Gb  exit.o [5]
__iar_init_vfp              0x1b9        Code  Gb  fpinit_M.o [3]
__iar_program_start         0x225        Code  Gb  cstartup_M.o [4]
__low_level_init            0x1fb   0x4  Code  Gb  low_level_init.o [2]
__vector_table                0x0        Data  Gb  vector_table_M.o [4]
_call_main                  0x1e9        Code  Gb  cmain.o [4]
_exit                       0x205        Code  Gb  cexit.o [4]
delayMs                     0x189  0x1a  Code  Gb  DIO.o [1]
delayUs                     0x1a3  0x16  Code  Gb  DIO.o [1]
exit                        0x1ff   0x4  Code  Gb  exit.o [2]
main                         0x41  0x46  Code  Gb  main.o [1]


[1] = C:\Abdo\Programming\CSE211-Embedded\Lab5\Debug\Obj
[2] = dl7M_tln.a
[3] = m7M_tls.a
[4] = rt7M_tl.a
[5] = shb_l.a

    576 bytes of readonly  code memory
  4'096 bytes of readwrite data memory

Errors: none
Warnings: none
