###############################################################################
#
# IAR ELF Linker V9.10.1.308/W64 for ARM                  11/Dec/2023  01:57:55
# Copyright 2007-2021 IAR Systems AB.
#
#    Output file  =
#        C:\Abdo\Programming\CSE211-Embedded\Lab5\Debug\Exe\elab.out
#    Map file     =
#        C:\Abdo\Programming\CSE211-Embedded\Lab5\Debug\List\elab.map
#    Command line =
#        -f C:\Abdo\Programming\CSE211-Embedded\Lab5\Debug\Exe\elab.out.rsp
#        (C:\Abdo\Programming\CSE211-Embedded\Lab5\Debug\Obj\DIO.o
#        C:\Abdo\Programming\CSE211-Embedded\Lab5\Debug\Obj\KEYPAD.o
#        C:\Abdo\Programming\CSE211-Embedded\Lab5\Debug\Obj\LCD.o
#        C:\Abdo\Programming\CSE211-Embedded\Lab5\Debug\Obj\LED.o
#        C:\Abdo\Programming\CSE211-Embedded\Lab5\Debug\Obj\main.o
#        C:\Abdo\Programming\CSE211-Embedded\Lab5\Debug\Obj\SWITCH.o
#        --no_out_extension -o
#        C:\Abdo\Programming\CSE211-Embedded\Lab5\Debug\Exe\elab.out --redirect
#        _Printf=_PrintfFullNoMb --redirect _Scanf=_ScanfFullNoMb --map
#        C:\Abdo\Programming\CSE211-Embedded\Lab5\Debug\List\elab.map --config
#        "C:\Program Files\IAR Systems\Embedded Workbench
#        9.0\arm\config\linker\TexasInstruments\TM4C123GH6.icf" --semihosting
#        --entry __iar_program_start --vfe --text_out locale)
#
###############################################################################

*******************************************************************************
*** RUNTIME MODEL ATTRIBUTES
***

CppFlavor       = *
__SystemLibrary = DLib
__dlib_version  = 6


*******************************************************************************
*** HEAP SELECTION
***

The basic heap was selected because no calls to memory allocation
functions were found in the application outside of system library
functions, and there are calls to deallocation functions in the
application.


*******************************************************************************
*** PLACEMENT SUMMARY
***

"A0":  place at address 0x0 { ro section .intvec };
"P1":  place in [from 0x0 to 0x3'ffff] { ro };
define block CSTACK with size = 4K, alignment = 8 { };
define block HEAP with size = 8K, alignment = 8 { };
"P2":  place in [from 0x2000'0000 to 0x2000'7fff] {
          rw, block CSTACK, block HEAP };

No sections matched the following patterns:

  rw  in "P2"


  Section   Kind         Address    Size  Object
  -------   ----         -------    ----  ------
"A0":                               0x40
  .intvec   ro code          0x0    0x40  vector_table_M.o [4]
                          - 0x40    0x40

"P1":                              0x818
  .text     ro code         0x40   0x1b4  main.o [1]
  .text     ro code        0x1f4   0x13c  LCD.o [1]
  .text     ro code        0x330   0x188  KEYPAD.o [1]
  .text     ro code        0x4b8     0x6  ABImemclr.o [4]
  .text     ro code        0x4be     0x2  vectortrap_M.o [4]
  .text     ro code        0x4c0    0x16  strchr.o [4]
  .text     ro code        0x4d8   0x150  iar_Stoulx.o [2]
  .text     ro code        0x628    0x30  DIO.o [1]
  .text     ro code        0x658    0x56  ABImemcpy_unaligned.o [4]
  .text     ro code        0x6b0    0x5e  ABImemset.o [4]
  .text     ro code        0x710    0x58  memchr.o [4]
  .rodata   const          0x768    0x50  iar_Stoulx.o [2]
  .text     ro code        0x7b8    0x22  fpinit_M.o [3]
  .text     ro code        0x7dc    0x1e  cmain.o [4]
  .text     ro code        0x7fa     0x4  low_level_init.o [2]
  .text     ro code        0x7fe     0x4  exit.o [2]
  .text     ro code        0x804     0xa  cexit.o [4]
  .text     ro code        0x810    0x14  exit.o [5]
  .text     ro code        0x824    0x1c  cstartup_M.o [4]
  .rodata   const          0x840    0x10  KEYPAD.o [1]
  .rodata   const          0x850     0x8  main.o [1]
                         - 0x858   0x818

"P2":                             0x1000
  CSTACK             0x2000'0000  0x1000  <Block>
    CSTACK  uninit   0x2000'0000  0x1000  <Block tail>
                   - 0x2000'1000  0x1000

Unused ranges:

         From           To      Size
         ----           --      ----
        0x858     0x3'ffff  0x3'f7a8
  0x2000'1000  0x2000'7fff    0x7000



*******************************************************************************
*** MODULE SUMMARY
***

    Module                 ro code  ro data  rw data
    ------                 -------  -------  -------
command line/config:
    ------------------------------------------------
    Total:

C:\Abdo\Programming\CSE211-Embedded\Lab5\Debug\Obj: [1]
    DIO.o                       48
    KEYPAD.o                   392       16
    LCD.o                      316
    main.o                     436        8
    ------------------------------------------------
    Total:                   1'192       24

dl7M_tln.a: [2]
    exit.o                       4
    iar_Stoulx.o               336       80
    low_level_init.o             4
    ------------------------------------------------
    Total:                     344       80

m7M_tls.a: [3]
    fpinit_M.o                  34
    ------------------------------------------------
    Total:                      34

rt7M_tl.a: [4]
    ABImemclr.o                  6
    ABImemcpy_unaligned.o       86
    ABImemset.o                 94
    cexit.o                     10
    cmain.o                     30
    cstartup_M.o                28
    memchr.o                    88
    strchr.o                    22
    vector_table_M.o            64
    vectortrap_M.o               2
    ------------------------------------------------
    Total:                     430

shb_l.a: [5]
    exit.o                      20
    ------------------------------------------------
    Total:                      20

    Gaps                        12
    Linker created                             4'096
----------------------------------------------------
    Grand Total:             2'032      104    4'096


*******************************************************************************
*** ENTRY LIST
***

Entry                       Address   Size  Type      Object
-----                       -------   ----  ----      ------
?main                         0x7dd         Code  Gb  cmain.o [4]
BusFault_Handler              0x4bf         Code  Wk  vectortrap_M.o [4]
CSTACK$$Base            0x2000'0000          --   Gb  - Linker created -
CSTACK$$Limit           0x2000'1000          --   Gb  - Linker created -
DebugMon_Handler              0x4bf         Code  Wk  vectortrap_M.o [4]
HardFault_Handler             0x4bf         Code  Wk  vectortrap_M.o [4]
MemManage_Handler             0x4bf         Code  Wk  vectortrap_M.o [4]
NMI_Handler                   0x4bf         Code  Wk  vectortrap_M.o [4]
PendSV_Handler                0x4bf         Code  Wk  vectortrap_M.o [4]
Region$$Table$$Base             0x0          --   Gb  - Linker created -
Region$$Table$$Limit            0x0          --   Gb  - Linker created -
SVC_Handler                   0x4bf         Code  Wk  vectortrap_M.o [4]
SysTick_Handler               0x4bf         Code  Wk  vectortrap_M.o [4]
UsageFault_Handler            0x4bf         Code  Wk  vectortrap_M.o [4]
__aeabi_memclr                0x4b9         Code  Gb  ABImemclr.o [4]
__cmain                       0x7dd         Code  Gb  cmain.o [4]
__exit                        0x811   0x14  Code  Gb  exit.o [5]
__iar_Memchr                  0x711         Code  Gb  memchr.o [4]
__iar_Memset_word             0x6b1         Code  Gb  ABImemset.o [4]
__iar_Stoulx                  0x4d9  0x13e  Code  Gb  iar_Stoulx.o [2]
__iar_Strchr                  0x4c1         Code  Gb  strchr.o [4]
__iar_init_vfp                0x7b9         Code  Gb  fpinit_M.o [3]
__iar_program_start           0x825         Code  Gb  cstartup_M.o [4]
__iar_unaligned_memcpy4
                              0x659         Code  Gb  ABImemcpy_unaligned.o [4]
__iar_unaligned_memcpy8
                              0x659         Code  Gb  ABImemcpy_unaligned.o [4]
__low_level_init              0x7fb    0x4  Code  Gb  low_level_init.o [2]
__vector_table                  0x0         Data  Gb  vector_table_M.o [4]
_call_main                    0x7e9         Code  Gb  cmain.o [4]
_exit                         0x805         Code  Gb  cexit.o [4]
atoi                          0x61d    0x2  Code  Gb  iar_Stoulx.o [2]
delayMs                       0x629   0x1a  Code  Gb  DIO.o [1]
delayUs                       0x643   0x16  Code  Gb  DIO.o [1]
digits                        0x790   0x28  Data  Lc  iar_Stoulx.o [2]
exit                          0x7ff    0x4  Code  Gb  exit.o [2]
keypad_init                   0x331   0x8a  Code  Gb  KEYPAD.o [1]
keypad_readkey                0x3bb   0xca  Code  Gb  KEYPAD.o [1]
lcd_command                   0x29b   0x3c  Code  Gb  LCD.o [1]
lcd_data                      0x2d7   0x3c  Code  Gb  LCD.o [1]
lcd_init                      0x1f5   0xa6  Code  Gb  LCD.o [1]
main                           0x41  0x1b4  Code  Gb  main.o [1]
memchr                        0x711         Code  Gb  memchr.o [4]
ndigs                         0x768   0x28  Data  Lc  iar_Stoulx.o [2]
strchr                        0x4c1         Code  Gb  strchr.o [4]


[1] = C:\Abdo\Programming\CSE211-Embedded\Lab5\Debug\Obj
[2] = dl7M_tln.a
[3] = m7M_tls.a
[4] = rt7M_tl.a
[5] = shb_l.a

  2'032 bytes of readonly  code memory
    104 bytes of readonly  data memory
  4'096 bytes of readwrite data memory

Errors: none
Warnings: none
